Makefile:19: recipe for target 'run_task2' failed
